// Jest Snapshot v1, https://jestjs.io/docs/snapshot-testing

exports[`EditProfileModal should match snapshot when open 1`] = `
<div>
  <div
    data-testid="dialog"
  >
    <div>
      <div>
        <h2>
          Edit Profile
        </h2>
      </div>
      <form
        class="space-y-4"
      >
        <div
          class="grid grid-cols-2 gap-4"
        >
          <input
            control="[object Object]"
            data-testid="firstName"
            placeholder="Enter first name"
          />
          <input
            control="[object Object]"
            data-testid="lastName"
            placeholder="Enter last name"
          />
        </div>
        <input
          control="[object Object]"
          data-testid="email"
          placeholder="Enter email address"
          type="email"
        />
        <div>
          <button
            type="button"
            variant="secondary"
          >
            Cancel
          </button>
          <button
            type="submit"
            variant="primary"
          >
            Save Changes
          </button>
        </div>
      </form>
    </div>
  </div>
</div>
`;
