// Jest Snapshot v1, https://jestjs.io/docs/snapshot-testing

exports[`CheckboxController renders correctly 1`] = `
<div>
  <div
    class="flex flex-col gap-1"
  >
    <div
      class="flex items-start gap-3"
    >
      <input
        class="mt-1 undefined"
        id="checkbox-testCheckbox"
        type="checkbox"
      />
      <label
        class="text-lg text-blue-foreground"
        for="checkbox-testCheckbox"
      >
        Accept terms
      </label>
    </div>
  </div>
</div>
`;
