// Jest Snapshot v1, https://jestjs.io/docs/snapshot-testing

exports[`BlogListLoading - Snapshot Tests should match snapshot 1`] = `
<div>
  <section
    class="py-12 sm:py-16 bg-white"
  >
    <div
      class="max-w-[1296px] mx-auto px-4 sm:px-6 lg:px-0 "
    >
      <div
        class="grid sm:grid-cols-2 lg:grid-cols-3 gap-6"
      >
        <article
          class="group animate-pulse"
        >
          <div
            class="block rounded-lg overflow-hidden bg-white"
          >
            <div
              class="w-full h-[284px] bg-gray-200"
            />
            <div
              class="flex flex-col gap-4 py-10"
            >
              <div
                class="space-y-2"
              >
                <div
                  class="h-6 bg-gray-200 rounded w-full"
                />
                <div
                  class="h-6 bg-gray-200 rounded w-3/4"
                />
              </div>
              <div
                class="h-3 bg-gray-200 rounded w-20"
              />
            </div>
          </div>
        </article>
        <article
          class="group animate-pulse"
        >
          <div
            class="block rounded-lg overflow-hidden bg-white"
          >
            <div
              class="w-full h-[284px] bg-gray-200"
            />
            <div
              class="flex flex-col gap-4 py-10"
            >
              <div
                class="space-y-2"
              >
                <div
                  class="h-6 bg-gray-200 rounded w-full"
                />
                <div
                  class="h-6 bg-gray-200 rounded w-3/4"
                />
              </div>
              <div
                class="h-3 bg-gray-200 rounded w-20"
              />
            </div>
          </div>
        </article>
        <article
          class="group animate-pulse"
        >
          <div
            class="block rounded-lg overflow-hidden bg-white"
          >
            <div
              class="w-full h-[284px] bg-gray-200"
            />
            <div
              class="flex flex-col gap-4 py-10"
            >
              <div
                class="space-y-2"
              >
                <div
                  class="h-6 bg-gray-200 rounded w-full"
                />
                <div
                  class="h-6 bg-gray-200 rounded w-3/4"
                />
              </div>
              <div
                class="h-3 bg-gray-200 rounded w-20"
              />
            </div>
          </div>
        </article>
        <article
          class="group animate-pulse"
        >
          <div
            class="block rounded-lg overflow-hidden bg-white"
          >
            <div
              class="w-full h-[284px] bg-gray-200"
            />
            <div
              class="flex flex-col gap-4 py-10"
            >
              <div
                class="space-y-2"
              >
                <div
                  class="h-6 bg-gray-200 rounded w-full"
                />
                <div
                  class="h-6 bg-gray-200 rounded w-3/4"
                />
              </div>
              <div
                class="h-3 bg-gray-200 rounded w-20"
              />
            </div>
          </div>
        </article>
        <article
          class="group animate-pulse"
        >
          <div
            class="block rounded-lg overflow-hidden bg-white"
          >
            <div
              class="w-full h-[284px] bg-gray-200"
            />
            <div
              class="flex flex-col gap-4 py-10"
            >
              <div
                class="space-y-2"
              >
                <div
                  class="h-6 bg-gray-200 rounded w-full"
                />
                <div
                  class="h-6 bg-gray-200 rounded w-3/4"
                />
              </div>
              <div
                class="h-3 bg-gray-200 rounded w-20"
              />
            </div>
          </div>
        </article>
        <article
          class="group animate-pulse"
        >
          <div
            class="block rounded-lg overflow-hidden bg-white"
          >
            <div
              class="w-full h-[284px] bg-gray-200"
            />
            <div
              class="flex flex-col gap-4 py-10"
            >
              <div
                class="space-y-2"
              >
                <div
                  class="h-6 bg-gray-200 rounded w-full"
                />
                <div
                  class="h-6 bg-gray-200 rounded w-3/4"
                />
              </div>
              <div
                class="h-3 bg-gray-200 rounded w-20"
              />
            </div>
          </div>
        </article>
      </div>
    </div>
  </section>
</div>
`;
