// Jest Snapshot v1, https://jestjs.io/docs/snapshot-testing

exports[`LazySection should match snapshot with all props 1`] = `
<div>
  <section
    class="py-12 sm:py-16 px-4 sm:px-6 custom-section"
    style="padding: 20px; background-size: cover; background-repeat: no-repeat; background-position: center;"
  >
    <div
      class="max-w-[1296px] mx-auto  lg:px-0 custom-container"
    >
      <div
        class="mb-8 sm:mb-12 text-center"
      >
        <h2
          aria-level="2"
          class="text-primary font-bold mb-3 sm:mb-4 text-2xl sm:text-4xl lg:text-5xl"
          role="heading"
        >
          Full Props Test
        </h2>
        <p
          class="text-lg text-gray-background leading-relaxed max-w-3xl mx-auto sm:text-lg"
          role="paragraph"
        >
          This is a subtitle
        </p>
      </div>
      <div>
        Child content
      </div>
    </div>
  </section>
</div>
`;

exports[`LazySection should match snapshot with minimal props 1`] = `
<div>
  <section
    class="py-12 sm:py-16 px-4 sm:px-6 "
  >
    <div
      class="max-w-[1296px] mx-auto  lg:px-0 "
    >
      <div>
        Minimal content
      </div>
    </div>
  </section>
</div>
`;
