// Jest Snapshot v1, https://jestjs.io/docs/snapshot-testing

exports[`AddressIcon matches snapshot 1`] = `
<svg
  fill="none"
  height="20"
  viewBox="0 0 28 20"
  width="28"
  xmlns="http://www.w3.org/2000/svg"
>
  <path
    d="M0.5 19C6.4482 18.8959 19.902 15.1572 26.1314 1.03594M17.9022 3.56138L26.3255 1L27.5 8.73063"
    stroke="black"
  />
</svg>
`;
