// Jest Snapshot v1, https://jestjs.io/docs/snapshot-testing

exports[`Toast Component > matches snapshot for success variant 1`] = `
<div>
  <section
    aria-atomic="false"
    aria-label="Notifications alt+T"
    aria-live="polite"
    aria-relevant="additions text"
    tabindex="-1"
  />
  <button>
    Show Toast
  </button>
</div>
`;

exports[`Toast Component matches snapshot for success variant 1`] = `
<div>
  <section
    aria-atomic="false"
    aria-label="Notifications alt+T"
    aria-live="polite"
    aria-relevant="additions text"
    tabindex="-1"
  />
  <button>
    Show Toast
  </button>
</div>
`;
