// Jest Snapshot v1, https://jestjs.io/docs/snapshot-testing

exports[`SignInForm - Snapshot matches snapshot 1`] = `
<div>
  <div
    class="flex flex-col items-center max-w-[1296px] mx-auto px-4 sm:px-6"
  >
    <div
      data-testid="signin-header"
    >
      Header
    </div>
    <nav>
      <ol>
        <li>
          <a
            href="/"
          >
            Home
          </a>
        </li>
        <span>
          /
        </span>
        <li>
          <span>
            Sign In
          </span>
        </li>
      </ol>
    </nav>
    <div
      class="py-8 px-4 sm:py-14 sm:px-16 w-full lg:w-159 rounded-2xl sm:rounded-4xl border border-form-border-color shadow-form"
    >
      <div
        class="flex flex-col gap-6 sm:gap-10"
      >
        <div
          class="flex justify-center"
        >
          <a
            href="/"
          >
            <svg
              class="w-8 h-8 sm:w-10 sm:h-10"
              data-testid="logo-icon"
            />
            <span
              class="text-2xl sm:text-3xl font-secondary text-primary"
            >
              SaaS
              <span
                class="font-medium"
              >
                Candy
              </span>
            </span>
          </a>
        </div>
        <div
          class="flex flex-col gap-6 sm:gap-8"
        >
          <div
            data-testid="signin-form"
          >
            <button>
              Submit
            </button>
            <button>
              Sign in with Google
            </button>
          </div>
          <div
            data-testid="signin-footer"
          >
            Footer
          </div>
        </div>
      </div>
    </div>
  </div>
</div>
`;
